2026-04-23 00:27:41 | INFO     | ============================================================
2026-04-23 00:27:41 | INFO     | JOB START  |  2026-04-22 18:57:41 UTC
2026-04-23 00:27:41 | INFO     | ============================================================
2026-04-23 00:27:41 | INFO     | CLI args  |  input=data.csv  config=config.yaml  output=metrics.json  log_file=run.log
2026-04-23 00:27:41 | INFO     | Step 1/5: Loading configuration...
2026-04-23 00:27:41 | INFO     | Config loaded and validated  |  seed=42  window=5  version=v1
2026-04-23 00:27:41 | INFO     | Step 2/5: Setting deterministic seed...
2026-04-23 00:27:41 | INFO     | NumPy random seed set to 42
2026-04-23 00:27:41 | INFO     | Step 3/5: Loading dataset...
2026-04-23 00:27:41 | INFO     | Dataset loaded  |  rows=10000  columns=7  close_range=[41939.28, 50949.16]
2026-04-23 00:27:41 | INFO     | Step 4/5: Computing rolling mean...
2026-04-23 00:27:41 | INFO     | Rolling mean computed  |  window=5  valid_rows=9996  nan_rows=4
2026-04-23 00:27:41 | INFO     | Step 5/5: Generating trading signals...
2026-04-23 00:27:41 | INFO     | Signals generated  |  bullish=4989  bearish=5007  excluded(NaN)=4
2026-04-23 00:27:41 | INFO     | Metrics computed  |  rows_processed=9996  signal_rate=0.4991  latency_ms=13
2026-04-23 00:27:41 | INFO     | ------------------------------------------------------------
2026-04-23 00:27:41 | INFO     | METRICS SUMMARY
2026-04-23 00:27:41 | INFO     | ------------------------------------------------------------
2026-04-23 00:27:41 | INFO     |   version              : v1
2026-04-23 00:27:41 | INFO     |   rows_processed       : 9996
2026-04-23 00:27:41 | INFO     |   metric               : signal_rate
2026-04-23 00:27:41 | INFO     |   value                : 0.4991
2026-04-23 00:27:41 | INFO     |   latency_ms           : 13
2026-04-23 00:27:41 | INFO     |   seed                 : 42
2026-04-23 00:27:41 | INFO     |   status               : success
2026-04-23 00:27:41 | INFO     | ------------------------------------------------------------
2026-04-23 00:27:41 | INFO     | ============================================================
2026-04-23 00:27:41 | INFO     | JOB END  |  status=SUCCESS  |  duration=13ms
2026-04-23 00:27:41 | INFO     | ============================================================
